# serializer version: 1
# name: test_basic_deploy
  dict({
    '.circup': -1,
    '.circup/adafruit_74hc595-1.5.0.meta': 200,
    '.circup/adafruit_bus_device-5.2.15.meta': 276,
    '.circup/adafruit_character_lcd-3.5.3.meta': 471,
    '.circup/adafruit_mcp230xx-2.5.19.meta': 524,
    '.pip': -1,
    '.pip/adafruit_circuitpython_busdevice-5.2.15.meta': 482,
    '.pip/adafruit_circuitpython_connectionmanager-3.1.6.meta': 426,
    '.pip/adafruit_circuitpython_framebuf-1.6.10.meta': 362,
    '.pip/adafruit_circuitpython_requests-4.1.15.meta': 419,
    '.pip/adafruit_circuitpython_ssd1306-2.12.22.meta': 471,
    '.pip/simple_app_project-1.0.0.meta': 135,
    'adafruit_74hc595.mpy': 1780,
    'adafruit_bus_device': -1,
    'adafruit_bus_device/__init__.mpy': 46,
    'adafruit_bus_device/i2c_device.mpy': 1173,
    'adafruit_bus_device/spi_device.mpy': 851,
    'adafruit_character_lcd': -1,
    'adafruit_character_lcd/__init__.mpy': 49,
    'adafruit_character_lcd/character_lcd.mpy': 3550,
    'adafruit_character_lcd/character_lcd_i2c.mpy': 818,
    'adafruit_character_lcd/character_lcd_rgb_i2c.mpy': 1035,
    'adafruit_character_lcd/character_lcd_spi.mpy': 636,
    'adafruit_connection_manager.mpy': 3538,
    'adafruit_framebuf.mpy': 5336,
    'adafruit_mcp230xx': -1,
    'adafruit_mcp230xx/__init__.mpy': 44,
    'adafruit_mcp230xx/digital_inout.mpy': 1573,
    'adafruit_mcp230xx/mcp23008.mpy': 764,
    'adafruit_mcp230xx/mcp23016.mpy': 1053,
    'adafruit_mcp230xx/mcp23017.mpy': 2317,
    'adafruit_mcp230xx/mcp230xx.mpy': 640,
    'adafruit_mcp230xx/mcp23s08.mpy': 821,
    'adafruit_mcp230xx/mcp23s17.mpy': 2137,
    'adafruit_mcp230xx/mcp23sxx.mpy': 894,
    'adafruit_mcp230xx/mcp23xxx.mpy': 518,
    'adafruit_requests.mpy': 7022,
    'adafruit_ssd1306.mpy': 2808,
    'dummy.mpy': 38,
  })
# ---
