# serializer version: 1
# name: test_sync_command
  list([
    '.circup',
    '.circup/adafruit_74hc595-1.5.0.meta',
    '.circup/adafruit_bus_device-5.2.15.meta',
    '.circup/adafruit_character_lcd-3.5.3.meta',
    '.circup/adafruit_mcp230xx-2.5.19.meta',
    '.pip',
    '.pip/adafruit_circuitpython_busdevice-5.2.15.meta',
    '.pip/adafruit_circuitpython_connectionmanager-3.1.6.meta',
    '.pip/adafruit_circuitpython_framebuf-1.6.10.meta',
    '.pip/adafruit_circuitpython_requests-4.1.15.meta',
    '.pip/adafruit_circuitpython_ssd1306-2.12.22.meta',
    '.pip/adafruit_circuitpython_typing-1.12.3.meta',
    '.pip/simple_app_project-1.0.0.meta',
    '.pip/typing_extensions-4.15.0.meta',
    'adafruit_74hc595.py',
    'adafruit_bus_device',
    'adafruit_bus_device/__init__.py',
    'adafruit_bus_device/i2c_device.py',
    'adafruit_bus_device/spi_device.py',
    'adafruit_character_lcd',
    'adafruit_character_lcd/__init__.py',
    'adafruit_character_lcd/character_lcd.py',
    'adafruit_character_lcd/character_lcd_i2c.py',
    'adafruit_character_lcd/character_lcd_rgb_i2c.py',
    'adafruit_character_lcd/character_lcd_spi.py',
    'adafruit_connection_manager.py',
    'adafruit_framebuf.py',
    'adafruit_mcp230xx',
    'adafruit_mcp230xx/__init__.py',
    'adafruit_mcp230xx/digital_inout.py',
    'adafruit_mcp230xx/mcp23008.py',
    'adafruit_mcp230xx/mcp23016.py',
    'adafruit_mcp230xx/mcp23017.py',
    'adafruit_mcp230xx/mcp230xx.py',
    'adafruit_mcp230xx/mcp23s08.py',
    'adafruit_mcp230xx/mcp23s17.py',
    'adafruit_mcp230xx/mcp23sxx.py',
    'adafruit_mcp230xx/mcp23xxx.py',
    'adafruit_requests.py',
    'adafruit_ssd1306.py',
    'circuitpython_typing',
    'circuitpython_typing/__init__.py',
    'circuitpython_typing/device_drivers.py',
    'circuitpython_typing/displayio.py',
    'circuitpython_typing/http.py',
    'circuitpython_typing/io.py',
    'circuitpython_typing/led.py',
    'circuitpython_typing/pil.py',
    'circuitpython_typing/pwmio.py',
    'circuitpython_typing/py.typed',
    'circuitpython_typing/socket.py',
    'typing_extensions.py',
  ])
# ---
