# serializer version: 1
# name: test_basic_deploy
  dict({
    '.circup': -1,
    '.circup/adafruit_74hc595-1.5.0.meta': 200,
    '.circup/adafruit_bus_device-5.2.15.meta': 276,
    '.circup/adafruit_character_lcd-3.5.3.meta': 471,
    '.circup/adafruit_mcp230xx-2.5.19.meta': 524,
    '.pip': -1,
    '.pip/adafruit_circuitpython_busdevice-5.2.15.meta': 482,
    '.pip/adafruit_circuitpython_connectionmanager-3.1.6.meta': 426,
    '.pip/adafruit_circuitpython_framebuf-1.6.10.meta': 362,
    '.pip/adafruit_circuitpython_requests-4.1.15.meta': 419,
    '.pip/adafruit_circuitpython_ssd1306-2.12.22.meta': 471,
    '.pip/simple_app_project-1.0.0.meta': 135,
    'adafruit_74hc595.mpy': 1861,
    'adafruit_bus_device': -1,
    'adafruit_bus_device/__init__.mpy': 129,
    'adafruit_bus_device/i2c_device.mpy': 1256,
    'adafruit_bus_device/spi_device.mpy': 934,
    'adafruit_character_lcd': -1,
    'adafruit_character_lcd/__init__.mpy': 132,
    'adafruit_character_lcd/character_lcd.mpy': 3633,
    'adafruit_character_lcd/character_lcd_i2c.mpy': 901,
    'adafruit_character_lcd/character_lcd_rgb_i2c.mpy': 1118,
    'adafruit_character_lcd/character_lcd_spi.mpy': 719,
    'adafruit_connection_manager.mpy': 3621,
    'adafruit_framebuf.mpy': 5419,
    'adafruit_mcp230xx': -1,
    'adafruit_mcp230xx/__init__.mpy': 127,
    'adafruit_mcp230xx/digital_inout.mpy': 1656,
    'adafruit_mcp230xx/mcp23008.mpy': 847,
    'adafruit_mcp230xx/mcp23016.mpy': 1136,
    'adafruit_mcp230xx/mcp23017.mpy': 2400,
    'adafruit_mcp230xx/mcp230xx.mpy': 723,
    'adafruit_mcp230xx/mcp23s08.mpy': 904,
    'adafruit_mcp230xx/mcp23s17.mpy': 2220,
    'adafruit_mcp230xx/mcp23sxx.mpy': 977,
    'adafruit_mcp230xx/mcp23xxx.mpy': 601,
    'adafruit_requests.mpy': 7105,
    'adafruit_ssd1306.mpy': 2891,
    'dummy.mpy': 117,
  })
# ---
